/*
 * COLEMAK-DH
 */
 ,----------------------------------.                    ,----------------------------------.
 |   Q  |   W  |   F  |   P  |   G  |                    |   J  |   L  |   U  |   Y  |   ;  |
 |------+------+------+------+------|                    |------+------+------+------+------|
 |   A  |   R  |   S  |   T  |   D  |                    |   H  |   N  |   E  |   I  |   O  |
 |------+------+------+------+------|                    |------+------+------+------+------|
 |   Z  |   X  |   C  |   V  |   B  |-------.    .-------|   K  |   M  |   ,  |   .  |   /  |
 `----------------------------------/       /     \      \----------------------------------'
                   | BKSP |SPACE | / TAB   /       \  ESC \  |ENTER | ' "  |
                   |      | NUM  |/NUM+ALT/         \      \ | SYM  |      |
                    `--------------------'           '------''-------------'

/*
 * NUM/NAV
 */
 ,----------------------------------.                    ,----------------------------------.
 | ESC  |   7  |   8  |   9  |      |                    |      |      | PGUP | HOME |VOLUP |
 |------+------+------+------+------|                    |------+------+------+------+------|
 |   0  |   1  |   2  |   3  |ENTER |                    |   ←  |   ↑  |   ↓  |   →  |      |
 |------+------+------+------+------|                    |------+------+------+------+------|
 |   .  |   4  |   5  |   6  |      |-------.    .-------|      |      | PGDN | END  |VOLDN |
 `----------------------------------/       /     \      \----------------------------------'
                   |   ▼  | HELD | / HELD  /       \  ▼   \  | MO3  |  `   |
                   |      |      |/       /         \      \ |      |      |
                    `--------------------'           '------''-------------'
/*
 * SYM
 */
 ,----------------------------------.                    ,----------------------------------.
 |   ~  |   "  |   >  |   \  |      |                    |   &  | ../  |   [  |   ]  |   %  |
 |------+------+------+------+------|                    |------+------+------+------+------|
 |   !  |   -  |   *  |   =  |   #  |                    |   |  |   :  |   (  |   )  |   @  |
 |------+------+------+------+------|                    |------+------+------+------+------|
 |   ^  |      |   +  |   _  |      |-------.    .-------|      |   $  |   {  |   }  |   ?  |
 `----------------------------------/       /     \      \----------------------------------'
                   |  ▼   |  MO3 | /   ▼   /       \      \  | HELD |      |
                   |      |      |/       /         \      \ |      |      |
                    `--------------------'           '------''-------------'

/*
 * LED/MOUSE
 */
 ,----------------------------------.                    ,----------------------------------.
 |QK_BOOT|     |      |      |TOG   |                    |      |      |      |      |DT_UP |
 |------+------+------+------+------|                    |------+------+------+------+------|
 |LED UP|LED UP|LED UP|LED UP|LED UP|                    |      |      |      |      |      |
 |------+------+------+------+------|                    |------+------+------+------+------|
 |LED DN|LED DN|LED DN|LED DN|LED DN|-------.    .-------|      | BTN1 | BTN3 | BTN2 |DT_DN |
 `----------------------------------/       /     \      \----------------------------------'
                   |      |      | /       /       \      \  |      |      |
                   |      |      |/       /         \      \ |      |      |
                    `--------------------'           '------''-------------'
